<html>
<body>
<pre>
<h1>µVision Build Log</h1>
<h2>Tool Versions:</h2>
IDE-Version: ¦ÌVision V5.22.0.0
Copyright (C) 2016 ARM Ltd and ARM Germany GmbH. All rights reserved.
License Information: Eric Wang, SLZ, LIC=NHYH9-4SA5C-248SS-L4L58-NF08B-51IEQ
 
Tool Versions:
Toolchain:       MDK-ARM Professional  Version: 5.22
Toolchain Path:  D:\Program Files\MDK\ARM\ARMCC\Bin
C Compiler:      Armcc.exe V5.06 update 4 (build 422)
Assembler:       Armasm.exe V5.06 update 4 (build 422)
Linker/Locator:  ArmLink.exe V5.06 update 4 (build 422)
Library Manager: ArmAr.exe V5.06 update 4 (build 422)
Hex Converter:   FromElf.exe V5.06 update 4 (build 422)
CPU DLL:         SARMCM3.DLL V5.22
Dialog DLL:      DCM.DLL V1.13.9.0
Target DLL:      STLink\ST-LINKIII-KEIL_SWO.dll V2.0.18.0
Dialog DLL:      TCM.DLL V1.21.0.0
 
<h2>Project:</h2>
D:\Wangshuai\STM32\LED_Driver\Projects\LED_Driver.uvprojx
Project File Date:  12/31/2021

<h2>Output:</h2>
*** Using Compiler 'V5.06 update 4 (build 422)', folder: 'D:\Program Files\MDK\ARM\ARMCC\Bin'
Rebuild target 'LED_Driver'
compiling stm32f10x_it.c...
compiling led.c...
compiling system_stm32f10x.c...
compiling main.c...
compiling sys.c...
compiling stm32f10x_adc.c...
"no source": Error:  #5: cannot open source input file "..\Libraries\STM32F10x_Driver\src\stm32f10x_adc.c": No such file or directory
..\Libraries\STM32F10x_Driver\src\stm32f10x_adc.c: 0 warnings, 1 error
compiling stm32f10x_can.c...
"no source": Error:  #5: cannot open source input file "..\Libraries\STM32F10x_Driver\src\stm32f10x_can.c": No such file or directory
..\Libraries\STM32F10x_Driver\src\stm32f10x_can.c: 0 warnings, 1 error
compiling stm32f10x_bkp.c...
"no source": Error:  #5: cannot open source input file "..\Libraries\STM32F10x_Driver\src\stm32f10x_bkp.c": No such file or directory
..\Libraries\STM32F10x_Driver\src\stm32f10x_bkp.c: 0 warnings, 1 error
compiling stm32f10x_cec.c...
"no source": Error:  #5: cannot open source input file "..\Libraries\STM32F10x_Driver\src\stm32f10x_cec.c": No such file or directory
..\Libraries\STM32F10x_Driver\src\stm32f10x_cec.c: 0 warnings, 1 error
compiling misc.c...
compiling stm32f10x_crc.c...
"no source": Error:  #5: cannot open source input file "..\Libraries\STM32F10x_Driver\src\stm32f10x_crc.c": No such file or directory
..\Libraries\STM32F10x_Driver\src\stm32f10x_crc.c: 0 warnings, 1 error
compiling stm32f10x_dbgmcu.c...
"no source": Error:  #5: cannot open source input file "..\Libraries\STM32F10x_Driver\src\stm32f10x_dbgmcu.c": No such file or directory
..\Libraries\STM32F10x_Driver\src\stm32f10x_dbgmcu.c: 0 warnings, 1 error
compiling stm32f10x_dac.c...
"no source": Error:  #5: cannot open source input file "..\Libraries\STM32F10x_Driver\src\stm32f10x_dac.c": No such file or directory
..\Libraries\STM32F10x_Driver\src\stm32f10x_dac.c: 0 warnings, 1 error
compiling stm32f10x_dma.c...
"no source": Error:  #5: cannot open source input file "..\Libraries\STM32F10x_Driver\src\stm32f10x_dma.c": No such file or directory
..\Libraries\STM32F10x_Driver\src\stm32f10x_dma.c: 0 warnings, 1 error
compiling stm32f10x_exti.c...
"no source": Error:  #5: cannot open source input file "..\Libraries\STM32F10x_Driver\src\stm32f10x_exti.c": No such file or directory
..\Libraries\STM32F10x_Driver\src\stm32f10x_exti.c: 0 warnings, 1 error
compiling stm32f10x_fsmc.c...
"no source": Error:  #5: cannot open source input file "..\Libraries\STM32F10x_Driver\src\stm32f10x_fsmc.c": No such file or directory
..\Libraries\STM32F10x_Driver\src\stm32f10x_fsmc.c: 0 warnings, 1 error
compiling stm32f10x_flash.c...
"no source": Error:  #5: cannot open source input file "..\Libraries\STM32F10x_Driver\src\stm32f10x_flash.c": No such file or directory
..\Libraries\STM32F10x_Driver\src\stm32f10x_flash.c: 0 warnings, 1 error
compiling stm32f10x_i2c.c...
"no source": Error:  #5: cannot open source input file "..\Libraries\STM32F10x_Driver\src\stm32f10x_i2c.c": No such file or directory
..\Libraries\STM32F10x_Driver\src\stm32f10x_i2c.c: 0 warnings, 1 error
compiling stm32f10x_iwdg.c...
"no source": Error:  #5: cannot open source input file "..\Libraries\STM32F10x_Driver\src\stm32f10x_iwdg.c": No such file or directory
..\Libraries\STM32F10x_Driver\src\stm32f10x_iwdg.c: 0 warnings, 1 error
compiling stm32f10x_gpio.c...
compiling stm32f10x_pwr.c...
"no source": Error:  #5: cannot open source input file "..\Libraries\STM32F10x_Driver\src\stm32f10x_pwr.c": No such file or directory
..\Libraries\STM32F10x_Driver\src\stm32f10x_pwr.c: 0 warnings, 1 error
compiling stm32f10x_rtc.c...
"no source": Error:  #5: cannot open source input file "..\Libraries\STM32F10x_Driver\src\stm32f10x_rtc.c": No such file or directory
..\Libraries\STM32F10x_Driver\src\stm32f10x_rtc.c: 0 warnings, 1 error
compiling stm32f10x_sdio.c...
"no source": Error:  #5: cannot open source input file "..\Libraries\STM32F10x_Driver\src\stm32f10x_sdio.c": No such file or directory
..\Libraries\STM32F10x_Driver\src\stm32f10x_sdio.c: 0 warnings, 1 error
compiling stm32f10x_spi.c...
"no source": Error:  #5: cannot open source input file "..\Libraries\STM32F10x_Driver\src\stm32f10x_spi.c": No such file or directory
..\Libraries\STM32F10x_Driver\src\stm32f10x_spi.c: 0 warnings, 1 error
compiling stm32f10x_rcc.c...
compiling stm32f10x_usart.c...
"no source": Error:  #5: cannot open source input file "..\Libraries\STM32F10x_Driver\src\stm32f10x_usart.c": No such file or directory
..\Libraries\STM32F10x_Driver\src\stm32f10x_usart.c: 0 warnings, 1 error
compiling stm32f10x_wwdg.c...
"no source": Error:  #5: cannot open source input file "..\Libraries\STM32F10x_Driver\src\stm32f10x_wwdg.c": No such file or directory
..\Libraries\STM32F10x_Driver\src\stm32f10x_wwdg.c: 0 warnings, 1 error
assembling startup_stm32f10x_hd.s...
compiling core_cm3.c...
compiling time.c...
compiling stm32f10x_tim.c...
linking...
Program Size: Code=1368 RO-data=320 RW-data=0 ZI-data=1632  
FromELF: creating hex file...
"..\OBJ\LED_Driver.axf" - 0 Error(s), 0 Warning(s).

<h2>Collection of Component include folders:</h2>
  D:\Wangshuai\STM32\LED_Driver\Projects\RTE\_LED_Driver
  D:\Program Files\MDK\ARM\PACK\Keil\STM32F1xx_DFP\2.3.0\Device\Include

<h2>Collection of Component Files used:</h2>
Build Time Elapsed:  00:00:02
</pre>
</body>
</html>
